// Jest Snapshot v1, https://goo.gl/fbAQLP

exports[`Days renders 1`] = `
<div>
  <div
    className="sc-chPdSV lgFnri"
  >
    <div
      className="sc-kAzzGY fDfBxx"
    >
      <h3
        className="Heading__StyledHeading-sc-1b8cso5-0 hSLFky"
      >
        <a
          href="/programs/day?dayId=<Day-mock-id-1>"
          onClick={[Function]}
          onMouseEnter={[Function]}
        >
          &lt;mock-value-for-field-"name"&gt;
        </a>
      </h3>
      <div>
        &lt;mock-value-for-field-"name"&gt;
      </div>
    </div>
  </div>
</div>
`;
