// Jest Snapshot v1, https://goo.gl/fbAQLP

exports[`Program 1`] = `
<div>
  <h1
    className="Heading__StyledHeading-sc-1b8cso5-0 kCqDso"
  >
    Program name
  </h1>
  <div
    className="sc-kgoBCf jUTWkl"
  >
    <div>
      <div
        className="Card__StyledCard-ff0z2v-1 ebswgY"
      >
        <div
          className="Card__StyledChildWrapper-ff0z2v-0 jzawZG"
        >
          <div
            className="CardSection__StyledCardSection-o8zdxr-2 dVGchG"
          >
            <div
              aria-expanded={false}
              className="CardSectionHeader__StyledCardSectionHeader-sc-1gmw3sa-1 fzMVvy"
              onClick={[Function]}
              onKeyDown={[Function]}
              role="button"
              tabIndex="0"
            >
              <div
                className="CardSectionHeader__StyledCardSectionHeaderContent-sc-1gmw3sa-3 lcnsxe"
              >
                &lt;mock-value-for-field-"name"&gt;
              </div>
              <svg
                className="CardSectionHeader__StyledCardSectionIconRight-sc-1gmw3sa-0 dtdYCR Icon__StyledIcon-sc-1pnzn3g-0 gbYGej"
                preserveAspectRatio="xMidYMid meet"
                viewBox="0 0 24 24"
              >
                <path
                  d="M16.59 8.59L12 13.17 7.41 8.59 6 10l6 6 6-6z"
                />
              </svg>
            </div>
            <div
              className="CardSectionContent__StyledCardSectionContent-sc-1mj8dfx-0 gvncVV"
            >
              <div
                className="Slide__StyledSlide-sc-1xbmdp2-0 dyEvPN"
              >
                <div>
                  <div>
                    <div
                      className="sc-kAzzGY feDzoW"
                    >
                      <div
                        className="sc-cSHVUG fUqPbE"
                      >
                        <h3
                          className="Heading__StyledHeading-sc-1b8cso5-0 kyjUks"
                        >
                          <a
                            href="/programs/day?dayId=<Day-mock-id-2>"
                            onClick={[Function]}
                          >
                            &lt;mock-value-for-field-"name"&gt;
                          </a>
                        </h3>
                        <div>
                          &lt;mock-value-for-field-"name"&gt;
                        </div>
                      </div>
                    </div>
                  </div>
                </div>
              </div>
            </div>
          </div>
        </div>
      </div>
      <div
        className="sc-chPdSV hYxHKu"
      />
    </div>
  </div>
</div>
`;
