// Jest Snapshot v1, https://goo.gl/fbAQLP

exports[`Program 1`] = `
<div>
  <div
    className="Heading__StyledHeading-sc-1b8cso5-0 bmvhpa"
  >
    Program name
  </div>
  <div
    className="sc-kGXeez caUYur"
  >
    <div>
      <div
        className="Card__StyledCard-ff0z2v-1 iEHTtI"
      >
        <div
          className="Card__StyledChildWrapper-ff0z2v-0 cQfjSh"
        >
          <div
            className="CardSection__StyledCardSection-o8zdxr-2 dUIlHY"
          >
            <div
              aria-expanded={false}
              className="CardSectionHeader__StyledCardSectionHeader-sc-1gmw3sa-1 hcXQfl"
              onClick={[Function]}
              onKeyDown={[Function]}
              role="button"
              tabIndex="0"
            >
              <div
                className="CardSectionHeader__StyledCardSectionHeaderContent-sc-1gmw3sa-3 lcnsxe"
              >
                &lt;mock-value-for-field-"name"&gt;
              </div>
              <svg
                className="CardSectionHeader__StyledCardSectionIconRight-sc-1gmw3sa-0 dtdYCR Icon__StyledIcon-sc-1pnzn3g-0 gbYGej"
                preserveAspectRatio="xMidYMid meet"
                viewBox="0 0 24 24"
              >
                <path
                  d="M7.912 8.747a.904.904 0 0 0-1.274-.065.898.898 0 0 0-.066 1.27l4.796 5.303a.904.904 0 0 0 1.342-.003l4.72-5.255a.898.898 0 0 0-.07-1.271.904.904 0 0 0-1.274.07l-3.754 4.18a.4.4 0 0 1-.595 0L7.912 8.747z"
                />
              </svg>
            </div>
            <div
              className="CardSectionContent__StyledCardSectionContent-sc-1mj8dfx-0 dyblzu"
            >
              <div
                aria-hidden={true}
                className="Slide__StyledSlide-sc-1xbmdp2-0 giSUKE"
              >
                <div>
                  <div>
                    <div
                      className="sc-chPdSV lgFnri"
                    >
                      <div
                        className="sc-kAzzGY fDfBxx"
                      >
                        <h3
                          className="Heading__StyledHeading-sc-1b8cso5-0 hSLFky"
                        >
                          <a
                            href="/programs/day?dayId=<Day-mock-id-2>"
                            onClick={[Function]}
                            onMouseEnter={[Function]}
                          >
                            &lt;mock-value-for-field-"name"&gt;
                          </a>
                        </h3>
                        <div>
                          &lt;mock-value-for-field-"name"&gt;
                        </div>
                      </div>
                    </div>
                  </div>
                </div>
              </div>
            </div>
          </div>
        </div>
      </div>
      <div
        className="sc-kgoBCf iWRYak"
      />
    </div>
  </div>
</div>
`;
