// Jest Snapshot v1, https://goo.gl/fbAQLP

exports[`Weeks 1`] = `
<div>
  <div
    className="Card__StyledCard-ff0z2v-1 iEHTtI"
  >
    <div
      className="Card__StyledChildWrapper-ff0z2v-0 cQfjSh"
    >
      <div
        className="CardSection__StyledCardSection-o8zdxr-2 dUIlHY"
      >
        <div
          aria-expanded={false}
          className="CardSectionHeader__StyledCardSectionHeader-sc-1gmw3sa-1 hcXQfl"
          onClick={[Function]}
          onKeyDown={[Function]}
          role="button"
          tabIndex="0"
        >
          <div
            className="CardSectionHeader__StyledCardSectionHeaderContent-sc-1gmw3sa-3 lcnsxe"
          >
            &lt;mock-value-for-field-"name"&gt;
          </div>
          <svg
            className="CardSectionHeader__StyledCardSectionIconRight-sc-1gmw3sa-0 dtdYCR Icon__StyledIcon-sc-1pnzn3g-0 gbYGej"
            preserveAspectRatio="xMidYMid meet"
            viewBox="0 0 24 24"
          >
            <path
              d="M16.59 8.59L12 13.17 7.41 8.59 6 10l6 6 6-6z"
            />
          </svg>
        </div>
        <div
          className="CardSectionContent__StyledCardSectionContent-sc-1mj8dfx-0 dyblzu"
        >
          <div
            aria-hidden={true}
            className="Slide__StyledSlide-sc-1xbmdp2-0 giSUKE"
          >
            <div>
              <div>
                <div
                  className="sc-chPdSV lgFnri"
                >
                  <div
                    className="sc-kAzzGY fDfBxx"
                  >
                    <h3
                      className="Heading__StyledHeading-sc-1b8cso5-0 hSLFky"
                    >
                      <a
                        href="/programs/day?dayId=<Day-mock-id-2>"
                        onClick={[Function]}
                        onMouseEnter={[Function]}
                      >
                        &lt;mock-value-for-field-"name"&gt;
                      </a>
                    </h3>
                    <div>
                      &lt;mock-value-for-field-"name"&gt;
                    </div>
                  </div>
                </div>
              </div>
            </div>
          </div>
        </div>
      </div>
    </div>
  </div>
  <div
    className="sc-kgoBCf iWRYak"
  />
</div>
`;
