// Jest Snapshot v1, https://goo.gl/fbAQLP

exports[`search fetches tv shows 1`] = `
Array [
  Object {
    "id": 1405,
    "name": "Dexter",
    "posterPath": "/58H6Ctze1nnpS0s9vPmAAzPcipR.jpg",
    "rating": 8.2,
    "summary": "Dexter Morgan, a blood spatter pattern analyst for the Miami Metro Police also leads a secret life as a serial killer, hunting down criminals who have slipped through the cracks of justice.",
  },
  Object {
    "id": 131927,
    "name": "Dexter: New Blood",
    "posterPath": "/9EBKgrFIsCFSV1RZKWhYUdbtGiv.jpg",
    "rating": 8.2,
    "summary": "10 years after Dexter went missing in the eye of Hurricane Laura, we find him living under an assumed name in the small town of Iron Lake, New York.  Dexter may be embracing his new life, but in the wake of unexpected events in this close-knit community, his Dark Passenger beckons.",
  },
]
`;
