// Jest Snapshot v1, https://goo.gl/fbAQLP

exports[`works 1`] = `
Object {
  "data": Object {
    "viewer": Object {
      "programs": Object {
        "edges": Array [
          Object {
            "node": Object {
              "name": "Sommerkroppen",
            },
          },
          Object {
            "node": Object {
              "name": "Pappakroppen",
            },
          },
        ],
      },
    },
  },
}
`;
